#
# There is insufficient memory for the Java Runtime Environment to continue.
# Native memory allocation (malloc) failed to allocate 32744 bytes. Error detail: Chunk::new
# Possible reasons:
#   The system is out of physical RAM or swap space
#   This process is running with CompressedOops enabled, and the Java Heap may be blocking the growth of the native heap
# Possible solutions:
#   Reduce memory load on the system
#   Increase physical memory or swap space
#   Check if swap backing store is full
#   Decrease Java heap size (-Xmx/-Xms)
#   Decrease number of Java threads
#   Decrease Java thread stack sizes (-Xss)
#   Set larger code cache with -XX:ReservedCodeCacheSize=
#   JVM is running with Unscaled Compressed Oops mode in which the Java heap is
#     placed in the first 4GB address space. The Java Heap base address is the
#     maximum limit for the native heap growth. Please use -XX:HeapBaseMinAddress
#     to set the Java Heap base and to place the Java Heap above 4GB virtual address.
# This output file may be truncated or incomplete.
#
#  Out of Memory Error (arena.cpp:168), pid=15472, tid=12772
#
# JRE version: OpenJDK Runtime Environment Temurin-21.0.10+7 (21.0.10+7) (build 21.0.10+7-LTS)
# Java VM: OpenJDK 64-Bit Server VM Temurin-21.0.10+7 (21.0.10+7-LTS, mixed mode, sharing, tiered, compressed oops, compressed class ptrs, g1 gc, windows-amd64)
# No core dump will be written. Minidumps are not enabled by default on client versions of Windows
#

---------------  S U M M A R Y ------------

Command Line: -Dfile.encoding=UTF-8 -Dstdout.encoding=UTF-8 -Dstderr.encoding=UTF-8 -XX:+ShowCodeDetailsInExceptionMessages com.db.demoparc

Host: AMD Ryzen 3 3200U with Radeon Vega Mobile Gfx  , 4 cores, 3G,  Windows 11 , 64 bit Build 26100 (10.0.26100.9278)
Time: Mon Sep  7 12:57:28 2026 India Standard Time elapsed time: 27.595465 seconds (0d 0h 0m 27s)

---------------  T H R E A D  ---------------

Current thread (0x000001abe30d4460):  JavaThread "C1 CompilerThread0" daemon [_thread_in_native, id=12772, stack(0x0000009a6ed00000,0x0000009a6ee00000) (1024K)]


Current CompileTask:
C1:27595  254       3       jdk.internal.org.objectweb.asm.Frame::execute (2305 bytes)

Stack: [0x0000009a6ed00000,0x0000009a6ee00000]
Native frames: (J=compiled Java code, j=interpreted, Vv=VM code, C=native code)
V  [jvm.dll+0x6d7a39]
V  [jvm.dll+0x8b4b26]
V  [jvm.dll+0x8b70de]
V  [jvm.dll+0x8b77c3]
V  [jvm.dll+0x284346]
V  [jvm.dll+0xc66ed]
V  [jvm.dll+0xc6c31]
V  [jvm.dll+0x16e1c9]
V  [jvm.dll+0x16d19a]
V  [jvm.dll+0x156945]
V  [jvm.dll+0x156bd2]
V  [jvm.dll+0x156e84]
V  [jvm.dll+0x15629c]
V  [jvm.dll+0x15802d]
V  [jvm.dll+0x25b85d]
V  [jvm.dll+0x259dea]
V  [jvm.dll+0x3f857e]
V  [jvm.dll+0x85f59d]
V  [jvm.dll+0x6d626d]
C  [ucrtbase.dll+0x2cd30]
C  [KERNEL32.DLL+0x2ccb7]
C  [ntdll.dll+0xacaec]


---------------  P R O C E S S  ---------------

Threads class SMR info:
_java_thread_list=0x000001abe3186850, length=11, elements={
0x000001abcaf2fbe0, 0x000001abe305a0f0, 0x000001abe305c4a0, 0x000001abe3064b00,
0x000001abe3065560, 0x000001abe306aa80, 0x000001abe306eb10, 0x000001abe306f8a0,
0x000001abe30d4460, 0x000001abe31af540, 0x000001abe31bc1a0
}

Java Threads: ( => current thread )
  0x000001abcaf2fbe0 JavaThread "main"                              [_thread_in_native, id=4936, stack(0x0000009a6dd00000,0x0000009a6de00000) (1024K)]
  0x000001abe305a0f0 JavaThread "Reference Handler"          daemon [_thread_blocked, id=9048, stack(0x0000009a6e600000,0x0000009a6e700000) (1024K)]
  0x000001abe305c4a0 JavaThread "Finalizer"                  daemon [_thread_blocked, id=6280, stack(0x0000009a6e700000,0x0000009a6e800000) (1024K)]
  0x000001abe3064b00 JavaThread "Signal Dispatcher"          daemon [_thread_blocked, id=12460, stack(0x0000009a6e800000,0x0000009a6e900000) (1024K)]
  0x000001abe3065560 JavaThread "Attach Listener"            daemon [_thread_blocked, id=18020, stack(0x0000009a6e900000,0x0000009a6ea00000) (1024K)]
  0x000001abe306aa80 JavaThread "Service Thread"             daemon [_thread_blocked, id=9128, stack(0x0000009a6ea00000,0x0000009a6eb00000) (1024K)]
  0x000001abe306eb10 JavaThread "Monitor Deflation Thread"   daemon [_thread_blocked, id=10836, stack(0x0000009a6eb00000,0x0000009a6ec00000) (1024K)]
  0x000001abe306f8a0 JavaThread "C2 CompilerThread0"         daemon [_thread_blocked, id=18684, stack(0x0000009a6ec00000,0x0000009a6ed00000) (1024K)]
=>0x000001abe30d4460 JavaThread "C1 CompilerThread0"         daemon [_thread_in_native, id=12772, stack(0x0000009a6ed00000,0x0000009a6ee00000) (1024K)]
  0x000001abe31af540 JavaThread "Notification Thread"        daemon [_thread_blocked, id=6408, stack(0x0000009a6ee00000,0x0000009a6ef00000) (1024K)]
  0x000001abe31bc1a0 JavaThread "Common-Cleaner"             daemon [_thread_blocked, id=6652, stack(0x0000009a6ef00000,0x0000009a6f000000) (1024K)]
Total: 11

Other Threads:
  0x000001abcd2616c0 VMThread "VM Thread"                           [id=13388, stack(0x0000009a6e500000,0x0000009a6e600000) (1024K)]
  0x000001abcd24e660 WatcherThread "VM Periodic Task Thread"        [id=15072, stack(0x0000009a6e400000,0x0000009a6e500000) (1024K)]
  0x000001abcd1dd100 WorkerThread "GC Thread#0"                     [id=17456, stack(0x0000009a6df00000,0x0000009a6e000000) (1024K)]
  0x000001abcd1e4f70 ConcurrentGCThread "G1 Main Marker"            [id=14760, stack(0x0000009a6e000000,0x0000009a6e100000) (1024K)]
  0x000001abcd1e70a0 WorkerThread "G1 Conc#0"                       [id=15296, stack(0x0000009a6e100000,0x0000009a6e200000) (1024K)]
  0x000001abcd23c1c0 ConcurrentGCThread "G1 Refine#0"               [id=17296, stack(0x0000009a6e200000,0x0000009a6e300000) (1024K)]
  0x000001abcd23cd40 ConcurrentGCThread "G1 Service"                [id=15920, stack(0x0000009a6e300000,0x0000009a6e400000) (1024K)]
Total: 7

Threads with active compile tasks:
C1 CompilerThread0  27681  254       3       jdk.internal.org.objectweb.asm.Frame::execute (2305 bytes)
Total: 1

VM state: not at safepoint (normal execution)

VM Mutex/Monitor currently owned by a thread: None

Heap address: 0x00000000c8c00000, size: 884 MB, Compressed Oops mode: 32-bit

CDS archive(s) mapped at: [0x000001ab80000000-0x000001ab80c80000-0x000001ab80c80000), size 13107200, SharedBaseAddress: 0x000001ab80000000, ArchiveRelocationMode: 1.
Compressed class space mapped at: 0x000001ab81000000-0x000001abc1000000, reserved size: 1073741824
Narrow klass base: 0x000001ab80000000, Narrow klass shift: 0, Narrow klass range: 0x100000000

GC Precious Log:
 CardTable entry size: 512
 Card Set container configuration: InlinePtr #cards 5 size 8 Array Of Cards #cards 12 size 40 Howl #buckets 4 coarsen threshold 1843 Howl Bitmap #cards 512 size 80 coarsen threshold 460 Card regions per heap region 1 cards per card region 2048
 CPUs: 4 total, 4 available
 Memory: 3530M
 Large Page Support: Disabled
 NUMA Support: Disabled
 Compressed Oops: Enabled (32-bit)
 Heap Region Size: 1M
 Heap Min Capacity: 8M
 Heap Initial Capacity: 56M
 Heap Max Capacity: 884M
 Pre-touch: Disabled
 Parallel Workers: 4
 Concurrent Workers: 1
 Concurrent Refinement Workers: 4
 Periodic GC: Disabled

Heap:
 garbage-first heap   total 57344K, used 2048K [0x00000000c8c00000, 0x0000000100000000)
  region size 1024K, 3 young (3072K), 0 survivors (0K)
 Metaspace       used 667K, committed 832K, reserved 1114112K
  class space    used 54K, committed 128K, reserved 1048576K

Heap Regions: E=young(eden), S=young(survivor), O=old, HS=humongous(starts), HC=humongous(continues), CS=collection set, F=free, TAMS=top-at-mark-start, PB=parsable bottom
|   0|0x00000000c8c00000, 0x00000000c8c00000, 0x00000000c8d00000|  0%| F|  |TAMS 0x00000000c8c00000| PB 0x00000000c8c00000| Untracked 
|   1|0x00000000c8d00000, 0x00000000c8d00000, 0x00000000c8e00000|  0%| F|  |TAMS 0x00000000c8d00000| PB 0x00000000c8d00000| Untracked 
|   2|0x00000000c8e00000, 0x00000000c8e00000, 0x00000000c8f00000|  0%| F|  |TAMS 0x00000000c8e00000| PB 0x00000000c8e00000| Untracked 
|   3|0x00000000c8f00000, 0x00000000c8f00000, 0x00000000c9000000|  0%| F|  |TAMS 0x00000000c8f00000| PB 0x00000000c8f00000| Untracked 
|   4|0x00000000c9000000, 0x00000000c9000000, 0x00000000c9100000|  0%| F|  |TAMS 0x00000000c9000000| PB 0x00000000c9000000| Untracked 
|   5|0x00000000c9100000, 0x00000000c9100000, 0x00000000c9200000|  0%| F|  |TAMS 0x00000000c9100000| PB 0x00000000c9100000| Untracked 
|   6|0x00000000c9200000, 0x00000000c9200000, 0x00000000c9300000|  0%| F|  |TAMS 0x00000000c9200000| PB 0x00000000c9200000| Untracked 
|   7|0x00000000c9300000, 0x00000000c9300000, 0x00000000c9400000|  0%| F|  |TAMS 0x00000000c9300000| PB 0x00000000c9300000| Untracked 
|   8|0x00000000c9400000, 0x00000000c9400000, 0x00000000c9500000|  0%| F|  |TAMS 0x00000000c9400000| PB 0x00000000c9400000| Untracked 
|   9|0x00000000c9500000, 0x00000000c9500000, 0x00000000c9600000|  0%| F|  |TAMS 0x00000000c9500000| PB 0x00000000c9500000| Untracked 
|  10|0x00000000c9600000, 0x00000000c9600000, 0x00000000c9700000|  0%| F|  |TAMS 0x00000000c9600000| PB 0x00000000c9600000| Untracked 
|  11|0x00000000c9700000, 0x00000000c9700000, 0x00000000c9800000|  0%| F|  |TAMS 0x00000000c9700000| PB 0x00000000c9700000| Untracked 
|  12|0x00000000c9800000, 0x00000000c9800000, 0x00000000c9900000|  0%| F|  |TAMS 0x00000000c9800000| PB 0x00000000c9800000| Untracked 
|  13|0x00000000c9900000, 0x00000000c9900000, 0x00000000c9a00000|  0%| F|  |TAMS 0x00000000c9900000| PB 0x00000000c9900000| Untracked 
|  14|0x00000000c9a00000, 0x00000000c9a00000, 0x00000000c9b00000|  0%| F|  |TAMS 0x00000000c9a00000| PB 0x00000000c9a00000| Untracked 
|  15|0x00000000c9b00000, 0x00000000c9b00000, 0x00000000c9c00000|  0%| F|  |TAMS 0x00000000c9b00000| PB 0x00000000c9b00000| Untracked 
|  16|0x00000000c9c00000, 0x00000000c9c00000, 0x00000000c9d00000|  0%| F|  |TAMS 0x00000000c9c00000| PB 0x00000000c9c00000| Untracked 
|  17|0x00000000c9d00000, 0x00000000c9d00000, 0x00000000c9e00000|  0%| F|  |TAMS 0x00000000c9d00000| PB 0x00000000c9d00000| Untracked 
|  18|0x00000000c9e00000, 0x00000000c9e00000, 0x00000000c9f00000|  0%| F|  |TAMS 0x00000000c9e00000| PB 0x00000000c9e00000| Untracked 
|  19|0x00000000c9f00000, 0x00000000c9f00000, 0x00000000ca000000|  0%| F|  |TAMS 0x00000000c9f00000| PB 0x00000000c9f00000| Untracked 
|  20|0x00000000ca000000, 0x00000000ca000000, 0x00000000ca100000|  0%| F|  |TAMS 0x00000000ca000000| PB 0x00000000ca000000| Untracked 
|  21|0x00000000ca100000, 0x00000000ca100000, 0x00000000ca200000|  0%| F|  |TAMS 0x00000000ca100000| PB 0x00000000ca100000| Untracked 
|  22|0x00000000ca200000, 0x00000000ca200000, 0x00000000ca300000|  0%| F|  |TAMS 0x00000000ca200000| PB 0x00000000ca200000| Untracked 
|  23|0x00000000ca300000, 0x00000000ca300000, 0x00000000ca400000|  0%| F|  |TAMS 0x00000000ca300000| PB 0x00000000ca300000| Untracked 
|  24|0x00000000ca400000, 0x00000000ca400000, 0x00000000ca500000|  0%| F|  |TAMS 0x00000000ca400000| PB 0x00000000ca400000| Untracked 
|  25|0x00000000ca500000, 0x00000000ca500000, 0x00000000ca600000|  0%| F|  |TAMS 0x00000000ca500000| PB 0x00000000ca500000| Untracked 
|  26|0x00000000ca600000, 0x00000000ca600000, 0x00000000ca700000|  0%| F|  |TAMS 0x00000000ca600000| PB 0x00000000ca600000| Untracked 
|  27|0x00000000ca700000, 0x00000000ca700000, 0x00000000ca800000|  0%| F|  |TAMS 0x00000000ca700000| PB 0x00000000ca700000| Untracked 
|  28|0x00000000ca800000, 0x00000000ca800000, 0x00000000ca900000|  0%| F|  |TAMS 0x00000000ca800000| PB 0x00000000ca800000| Untracked 
|  29|0x00000000ca900000, 0x00000000ca900000, 0x00000000caa00000|  0%| F|  |TAMS 0x00000000ca900000| PB 0x00000000ca900000| Untracked 
|  30|0x00000000caa00000, 0x00000000caa00000, 0x00000000cab00000|  0%| F|  |TAMS 0x00000000caa00000| PB 0x00000000caa00000| Untracked 
|  31|0x00000000cab00000, 0x00000000cab00000, 0x00000000cac00000|  0%| F|  |TAMS 0x00000000cab00000| PB 0x00000000cab00000| Untracked 
|  32|0x00000000cac00000, 0x00000000cac00000, 0x00000000cad00000|  0%| F|  |TAMS 0x00000000cac00000| PB 0x00000000cac00000| Untracked 
|  33|0x00000000cad00000, 0x00000000cad00000, 0x00000000cae00000|  0%| F|  |TAMS 0x00000000cad00000| PB 0x00000000cad00000| Untracked 
|  34|0x00000000cae00000, 0x00000000cae00000, 0x00000000caf00000|  0%| F|  |TAMS 0x00000000cae00000| PB 0x00000000cae00000| Untracked 
|  35|0x00000000caf00000, 0x00000000caf00000, 0x00000000cb000000|  0%| F|  |TAMS 0x00000000caf00000| PB 0x00000000caf00000| Untracked 
|  36|0x00000000cb000000, 0x00000000cb000000, 0x00000000cb100000|  0%| F|  |TAMS 0x00000000cb000000| PB 0x00000000cb000000| Untracked 
|  37|0x00000000cb100000, 0x00000000cb100000, 0x00000000cb200000|  0%| F|  |TAMS 0x00000000cb100000| PB 0x00000000cb100000| Untracked 
|  38|0x00000000cb200000, 0x00000000cb200000, 0x00000000cb300000|  0%| F|  |TAMS 0x00000000cb200000| PB 0x00000000cb200000| Untracked 
|  39|0x00000000cb300000, 0x00000000cb300000, 0x00000000cb400000|  0%| F|  |TAMS 0x00000000cb300000| PB 0x00000000cb300000| Untracked 
|  40|0x00000000cb400000, 0x00000000cb400000, 0x00000000cb500000|  0%| F|  |TAMS 0x00000000cb400000| PB 0x00000000cb400000| Untracked 
|  41|0x00000000cb500000, 0x00000000cb500000, 0x00000000cb600000|  0%| F|  |TAMS 0x00000000cb500000| PB 0x00000000cb500000| Untracked 
|  42|0x00000000cb600000, 0x00000000cb600000, 0x00000000cb700000|  0%| F|  |TAMS 0x00000000cb600000| PB 0x00000000cb600000| Untracked 
|  43|0x00000000cb700000, 0x00000000cb700000, 0x00000000cb800000|  0%| F|  |TAMS 0x00000000cb700000| PB 0x00000000cb700000| Untracked 
|  44|0x00000000cb800000, 0x00000000cb800000, 0x00000000cb900000|  0%| F|  |TAMS 0x00000000cb800000| PB 0x00000000cb800000| Untracked 
|  45|0x00000000cb900000, 0x00000000cb900000, 0x00000000cba00000|  0%| F|  |TAMS 0x00000000cb900000| PB 0x00000000cb900000| Untracked 
|  46|0x00000000cba00000, 0x00000000cba00000, 0x00000000cbb00000|  0%| F|  |TAMS 0x00000000cba00000| PB 0x00000000cba00000| Untracked 
|  47|0x00000000cbb00000, 0x00000000cbb00000, 0x00000000cbc00000|  0%| F|  |TAMS 0x00000000cbb00000| PB 0x00000000cbb00000| Untracked 
|  48|0x00000000cbc00000, 0x00000000cbc00000, 0x00000000cbd00000|  0%| F|  |TAMS 0x00000000cbc00000| PB 0x00000000cbc00000| Untracked 
|  49|0x00000000cbd00000, 0x00000000cbd00000, 0x00000000cbe00000|  0%| F|  |TAMS 0x00000000cbd00000| PB 0x00000000cbd00000| Untracked 
|  50|0x00000000cbe00000, 0x00000000cbe00000, 0x00000000cbf00000|  0%| F|  |TAMS 0x00000000cbe00000| PB 0x00000000cbe00000| Untracked 
|  51|0x00000000cbf00000, 0x00000000cbf00000, 0x00000000cc000000|  0%| F|  |TAMS 0x00000000cbf00000| PB 0x00000000cbf00000| Untracked 
|  52|0x00000000cc000000, 0x00000000cc000000, 0x00000000cc100000|  0%| F|  |TAMS 0x00000000cc000000| PB 0x00000000cc000000| Untracked 
|  53|0x00000000cc100000, 0x00000000cc200000, 0x00000000cc200000|100%| E|  |TAMS 0x00000000cc100000| PB 0x00000000cc100000| Complete 
|  54|0x00000000cc200000, 0x00000000cc300000, 0x00000000cc300000|100%| E|CS|TAMS 0x00000000cc200000| PB 0x00000000cc200000| Complete 
|  55|0x00000000cc300000, 0x00000000cc400000, 0x00000000cc400000|100%| E|CS|TAMS 0x00000000cc300000| PB 0x00000000cc300000| Complete 

Card table byte_map: [0x000001abdfb60000,0x000001abdfd20000] _byte_map_base: 0x000001abdf51a000

Marking Bits: (CMBitMap*) 0x000001abcd1dd810
 Bits: [0x000001abdfd20000, 0x000001abe0af0000)

Polling page: 0x000001abcb200000

Metaspace:

Usage:
  Non-class:    615.62 KB used.
      Class:     56.07 KB used.
       Both:    671.69 KB used.

Virtual space:
  Non-class space:       64.00 MB reserved,     704.00 KB (  1%) committed,  1 nodes.
      Class space:        1.00 GB reserved,     128.00 KB ( <1%) committed,  1 nodes.
             Both:        1.06 GB reserved,     832.00 KB ( <1%) committed. 

Chunk freelists:
   Non-Class:  11.91 MB
       Class:  15.72 MB
        Both:  27.63 MB

MaxMetaspaceSize: unlimited
CompressedClassSpaceSize: 1.00 GB
Initial GC threshold: 21.00 MB
Current GC threshold: 21.00 MB
CDS: on
 - commit_granule_bytes: 65536.
 - commit_granule_words: 8192.
 - virtual_space_node_default_size: 8388608.
 - enlarge_chunks_in_place: 1.
 - use_allocation_guard: 0.


Internal statistics:

num_allocs_failed_limit: 0.
num_arena_births: 34.
num_arena_deaths: 0.
num_vsnodes_births: 2.
num_vsnodes_deaths: 0.
num_space_committed: 13.
num_space_uncommitted: 0.
num_chunks_returned_to_freelist: 0.
num_chunks_taken_from_freelist: 46.
num_chunk_merges: 0.
num_chunk_splits: 28.
num_chunks_enlarged: 15.
num_inconsistent_stats: 0.

CodeHeap 'non-profiled nmethods': size=120000Kb used=95Kb max_used=95Kb free=119904Kb
 bounds [0x000001abd8630000, 0x000001abd88a0000, 0x000001abdfb60000]
CodeHeap 'profiled nmethods': size=120000Kb used=266Kb max_used=266Kb free=119733Kb
 bounds [0x000001abd0b60000, 0x000001abd0dd0000, 0x000001abd8090000]
CodeHeap 'non-nmethods': size=5760Kb used=1243Kb max_used=1256Kb free=4517Kb
 bounds [0x000001abd8090000, 0x000001abd8300000, 0x000001abd8630000]
CodeCache: size=245760Kb, used=1604Kb, max_used=1617Kb, free=244154Kb
 total_blobs=674, nmethods=263, adapters=316, full_count=0
Compilation: enabled, stopped_count=0, restarted_count=0

Compilation events (20 events):
Event: 27.583 Thread 0x000001abe30d4460 nmethod 237 0x000001abd0b9da10 code [0x000001abd0b9dba0, 0x000001abd0b9dd00]
Event: 27.583 Thread 0x000001abe30d4460  239       3       java.lang.AbstractStringBuilder::<init> (39 bytes)
Event: 27.583 Thread 0x000001abe30d4460 nmethod 239 0x000001abd0b9dd90 code [0x000001abd0b9df40, 0x000001abd0b9e1c8]
Event: 27.583 Thread 0x000001abe30d4460  238   !   3       java.lang.invoke.MemberName::getMethodType (211 bytes)
Event: 27.584 Thread 0x000001abe30d4460 nmethod 238 0x000001abd0b9e290 code [0x000001abd0b9e560, 0x000001abd0b9f900]
Event: 27.584 Thread 0x000001abe30d4460  240       3       java.lang.invoke.MethodType::checkPtypes (76 bytes)
Event: 27.585 Thread 0x000001abe30d4460 nmethod 240 0x000001abd0b9fe10 code [0x000001abd0ba00a0, 0x000001abd0ba0b30]
Event: 27.585 Thread 0x000001abe30d4460  242       3       java.lang.invoke.LambdaForm::argument (27 bytes)
Event: 27.585 Thread 0x000001abe30d4460 nmethod 242 0x000001abd0ba0f90 code [0x000001abd0ba1160, 0x000001abd0ba13c8]
Event: 27.585 Thread 0x000001abe30d4460  245       3       jdk.internal.org.objectweb.asm.ByteVector::putByte (39 bytes)
Event: 27.585 Thread 0x000001abe30d4460 nmethod 245 0x000001abd0ba1510 code [0x000001abd0ba16c0, 0x000001abd0ba18a0]
Event: 27.585 Thread 0x000001abe30d4460  247       3       java.lang.invoke.LambdaForm$Name::initIndex (26 bytes)
Event: 27.586 Thread 0x000001abe30d4460 nmethod 247 0x000001abd0ba1a10 code [0x000001abd0ba1bc0, 0x000001abd0ba1d68]
Event: 27.586 Thread 0x000001abe30d4460  249       3       java.lang.StringBuilder::<init> (7 bytes)
Event: 27.586 Thread 0x000001abe30d4460 nmethod 249 0x000001abd0ba1e10 code [0x000001abd0ba1fc0, 0x000001abd0ba2100]
Event: 27.586 Thread 0x000001abe30d4460  251       3       java.lang.invoke.MemberName::isConstructor (8 bytes)
Event: 27.587 Thread 0x000001abe30d4460 nmethod 251 0x000001abd0ba2190 code [0x000001abd0ba2340, 0x000001abd0ba2508]
Event: 27.587 Thread 0x000001abe30d4460  253       3       java.lang.invoke.LambdaForm::parameter (38 bytes)
Event: 27.587 Thread 0x000001abe30d4460 nmethod 253 0x000001abd0ba2590 code [0x000001abd0ba2740, 0x000001abd0ba2888]
Event: 27.587 Thread 0x000001abe30d4460  254       3       jdk.internal.org.objectweb.asm.Frame::execute (2305 bytes)

GC Heap History (0 events):
No events

Dll operation events (4 events):
Event: 0.046 Loaded shared library C:\Users\akr02\.p2\pool\plugins\org.eclipse.justj.openjdk.hotspot.jre.full.win32.x86_64_21.0.10.v20260205-0638\jre\bin\java.dll
Event: 0.137 Loaded shared library C:\Users\akr02\.p2\pool\plugins\org.eclipse.justj.openjdk.hotspot.jre.full.win32.x86_64_21.0.10.v20260205-0638\jre\bin\zip.dll
Event: 0.252 Loaded shared library C:\Users\akr02\.p2\pool\plugins\org.eclipse.justj.openjdk.hotspot.jre.full.win32.x86_64_21.0.10.v20260205-0638\jre\bin\jimage.dll
Event: 0.268 Loaded shared library C:\Users\akr02\.p2\pool\plugins\org.eclipse.justj.openjdk.hotspot.jre.full.win32.x86_64_21.0.10.v20260205-0638\jre\bin\zip.dll

Deoptimization events (4 events):
Event: 0.330 Thread 0x000001abcaf2fbe0 Uncommon trap: trap_request=0xffffff45 fr.pc=0x000001abd863ec8c relative=0x000000000000074c
Event: 0.330 Thread 0x000001abcaf2fbe0 Uncommon trap: reason=unstable_if action=reinterpret pc=0x000001abd863ec8c method=java.util.regex.Matcher.search(I)Z @ 30 c2
Event: 0.330 Thread 0x000001abcaf2fbe0 DEOPT PACKING pc=0x000001abd863ec8c sp=0x0000009a6ddff300
Event: 0.330 Thread 0x000001abcaf2fbe0 DEOPT UNPACKING pc=0x000001abd80e4422 sp=0x0000009a6ddff2e0 mode 2

Classes loaded (20 events):
Event: 0.288 Loading class java/util/Scanner$PatternLRUCache
Event: 0.289 Loading class java/util/Scanner$PatternLRUCache done
Event: 0.306 Loading class sun/util/resources/LocaleData$CommonResourceBundleProvider
Event: 0.306 Loading class sun/util/resources/LocaleData$LocaleDataResourceBundleProvider
Event: 0.306 Loading class java/util/spi/ResourceBundleProvider
Event: 0.306 Loading class java/util/spi/ResourceBundleProvider done
Event: 0.306 Loading class sun/util/resources/LocaleData$LocaleDataResourceBundleProvider done
Event: 0.306 Loading class sun/util/resources/LocaleData$CommonResourceBundleProvider done
Event: 0.308 Loading class java/util/ArrayList$SubList$1
Event: 0.308 Loading class java/util/ArrayList$SubList$1 done
Event: 0.309 Loading class sun/text/resources/cldr/FormatData_en
Event: 0.310 Loading class sun/text/resources/cldr/FormatData_en done
Event: 0.310 Loading class sun/util/resources/Bundles$2
Event: 0.310 Loading class sun/util/resources/Bundles$2 done
Event: 0.312 Loading class java/lang/InstantiationException
Event: 0.312 Loading class java/lang/InstantiationException done
Event: 0.312 Loading class java/lang/IllegalAccessException
Event: 0.312 Loading class java/lang/IllegalAccessException done
Event: 15.353 Loading class java/util/regex/Matcher$ImmutableMatchResult
Event: 15.357 Loading class java/util/regex/Matcher$ImmutableMatchResult done

Classes unloaded (0 events):
No events

Classes redefined (0 events):
No events

Internal exceptions (0 events):
No events

ZGC Phase Switch (0 events):
No events

VM Operations (4 events):
Event: 1.106 Executing safepoint VM operation: Cleanup
Event: 1.107 Executing safepoint VM operation: Cleanup done
Event: 16.222 Executing safepoint VM operation: Cleanup
Event: 16.222 Executing safepoint VM operation: Cleanup done

Memory protections (0 events):
No events

Nmethod flushes (0 events):
No events

Events (11 events):
Event: 0.099 Thread 0x000001abcaf2fbe0 Thread added: 0x000001abcaf2fbe0
Event: 0.139 Thread 0x000001abcaf2fbe0 Thread added: 0x000001abe305a0f0
Event: 0.140 Thread 0x000001abcaf2fbe0 Thread added: 0x000001abe305c4a0
Event: 0.143 Thread 0x000001abcaf2fbe0 Thread added: 0x000001abe3064b00
Event: 0.143 Thread 0x000001abcaf2fbe0 Thread added: 0x000001abe3065560
Event: 0.148 Thread 0x000001abcaf2fbe0 Thread added: 0x000001abe306aa80
Event: 0.148 Thread 0x000001abcaf2fbe0 Thread added: 0x000001abe306eb10
Event: 0.148 Thread 0x000001abcaf2fbe0 Thread added: 0x000001abe306f8a0
Event: 0.151 Thread 0x000001abcaf2fbe0 Thread added: 0x000001abe30d4460
Event: 0.240 Thread 0x000001abcaf2fbe0 Thread added: 0x000001abe31af540
Event: 0.243 Thread 0x000001abcaf2fbe0 Thread added: 0x000001abe31bc1a0


Dynamic libraries:
0x00007ff6f5ae0000 - 0x00007ff6f5aee000 	C:\Users\akr02\.p2\pool\plugins\org.eclipse.justj.openjdk.hotspot.jre.full.win32.x86_64_21.0.10.v20260205-0638\jre\bin\javaw.exe
0x00007ffff6360000 - 0x00007ffff65c7000 	C:\WINDOWS\SYSTEM32\ntdll.dll
0x00007ffff5850000 - 0x00007ffff591a000 	C:\WINDOWS\System32\KERNEL32.DLL
0x00007ffff37e0000 - 0x00007ffff3be2000 	C:\WINDOWS\System32\KERNELBASE.dll
0x00007ffff3d70000 - 0x00007ffff3ebc000 	C:\WINDOWS\System32\ucrtbase.dll
0x00007fffe85d0000 - 0x00007fffe85e8000 	C:\Users\akr02\.p2\pool\plugins\org.eclipse.justj.openjdk.hotspot.jre.full.win32.x86_64_21.0.10.v20260205-0638\jre\bin\jli.dll
0x00007ffff4090000 - 0x00007ffff425f000 	C:\WINDOWS\System32\USER32.dll
0x00007ffff3570000 - 0x00007ffff3597000 	C:\WINDOWS\System32\win32u.dll
0x00007ffff5720000 - 0x00007ffff574b000 	C:\WINDOWS\System32\GDI32.dll
0x00007ffff3ed0000 - 0x00007ffff3ff9000 	C:\WINDOWS\System32\gdi32full.dll
0x00007ffff35a0000 - 0x00007ffff3643000 	C:\WINDOWS\System32\msvcp_win.dll
0x00007fffe8120000 - 0x00007fffe813e000 	C:\Users\akr02\.p2\pool\plugins\org.eclipse.justj.openjdk.hotspot.jre.full.win32.x86_64_21.0.10.v20260205-0638\jre\bin\VCRUNTIME140.dll
0x00007fffdb430000 - 0x00007fffdb6c0000 	C:\WINDOWS\WinSxS\amd64_microsoft.windows.common-controls_6595b64144ccf1df_6.0.26100.9278_none_3e0d1ba8e3303201\COMCTL32.dll
0x00007ffff5d00000 - 0x00007ffff5da9000 	C:\WINDOWS\System32\msvcrt.dll
0x00007ffff5ae0000 - 0x00007ffff5b11000 	C:\WINDOWS\System32\IMM32.DLL
0x00007fffd5ed0000 - 0x00007fffd5edc000 	C:\Users\akr02\.p2\pool\plugins\org.eclipse.justj.openjdk.hotspot.jre.full.win32.x86_64_21.0.10.v20260205-0638\jre\bin\vcruntime140_1.dll
0x00007fffce750000 - 0x00007fffce7dd000 	C:\Users\akr02\.p2\pool\plugins\org.eclipse.justj.openjdk.hotspot.jre.full.win32.x86_64_21.0.10.v20260205-0638\jre\bin\msvcp140.dll
0x00007fff446c0000 - 0x00007fff45461000 	C:\Users\akr02\.p2\pool\plugins\org.eclipse.justj.openjdk.hotspot.jre.full.win32.x86_64_21.0.10.v20260205-0638\jre\bin\server\jvm.dll
0x00007ffff43d0000 - 0x00007ffff448c000 	C:\WINDOWS\System32\ADVAPI32.dll
0x00007ffff5b20000 - 0x00007ffff5bc9000 	C:\WINDOWS\System32\sechost.dll
0x00007ffff46a0000 - 0x00007ffff47b8000 	C:\WINDOWS\System32\RPCRT4.dll
0x00007ffff5bd0000 - 0x00007ffff5c50000 	C:\WINDOWS\System32\WS2_32.dll
0x00007ffff33f0000 - 0x00007ffff344e000 	C:\WINDOWS\SYSTEM32\POWRPROF.dll
0x00007fffecb00000 - 0x00007fffecb36000 	C:\WINDOWS\SYSTEM32\WINMM.dll
0x00007fffecb40000 - 0x00007fffecb4b000 	C:\WINDOWS\SYSTEM32\VERSION.dll
0x00007ffff33d0000 - 0x00007ffff33e5000 	C:\WINDOWS\SYSTEM32\UMPDC.dll
0x00007ffff2240000 - 0x00007ffff225b000 	C:\WINDOWS\SYSTEM32\kernel.appcore.dll
0x00007ffff0410000 - 0x00007ffff041a000 	C:\Users\akr02\.p2\pool\plugins\org.eclipse.justj.openjdk.hotspot.jre.full.win32.x86_64_21.0.10.v20260205-0638\jre\bin\jimage.dll
0x00007fffdb6e0000 - 0x00007fffdb922000 	C:\WINDOWS\SYSTEM32\DBGHELP.DLL
0x00007ffff51a0000 - 0x00007ffff5524000 	C:\WINDOWS\System32\combase.dll
0x00007ffff47c0000 - 0x00007ffff4899000 	C:\WINDOWS\System32\OLEAUT32.dll
0x00007fffdac90000 - 0x00007fffdaccb000 	C:\WINDOWS\SYSTEM32\dbgcore.DLL
0x00007ffff3bf0000 - 0x00007ffff3c9c000 	C:\WINDOWS\System32\bcryptPrimitives.dll
0x00007fffd4490000 - 0x00007fffd44b0000 	C:\Users\akr02\.p2\pool\plugins\org.eclipse.justj.openjdk.hotspot.jre.full.win32.x86_64_21.0.10.v20260205-0638\jre\bin\java.dll
0x00007ffff49f0000 - 0x00007ffff5188000 	C:\WINDOWS\System32\SHELL32.dll
0x00007ffff1010000 - 0x00007ffff18be000 	C:\WINDOWS\SYSTEM32\windows.storage.dll
0x00007ffff5750000 - 0x00007ffff584b000 	C:\WINDOWS\System32\SHCORE.dll
0x00007ffff5db0000 - 0x00007ffff5e16000 	C:\WINDOWS\System32\shlwapi.dll
0x00007ffff3490000 - 0x00007ffff34b9000 	C:\WINDOWS\SYSTEM32\profapi.dll
0x00007fffd4350000 - 0x00007fffd4368000 	C:\Users\akr02\.p2\pool\plugins\org.eclipse.justj.openjdk.hotspot.jre.full.win32.x86_64_21.0.10.v20260205-0638\jre\bin\zip.dll
0x00007fffdd120000 - 0x00007fffdd130000 	C:\Users\akr02\.p2\pool\plugins\org.eclipse.justj.openjdk.hotspot.jre.full.win32.x86_64_21.0.10.v20260205-0638\jre\bin\net.dll
0x00007fffe9c20000 - 0x00007fffe9d4a000 	C:\WINDOWS\SYSTEM32\WINHTTP.dll
0x00007ffff2800000 - 0x00007ffff286c000 	C:\WINDOWS\system32\mswsock.dll
0x00007fffd4270000 - 0x00007fffd4286000 	C:\Users\akr02\.p2\pool\plugins\org.eclipse.justj.openjdk.hotspot.jre.full.win32.x86_64_21.0.10.v20260205-0638\jre\bin\nio.dll

JVMTI agents: none

dbghelp: loaded successfully - version: 4.0.5 - missing functions: none
symbol engine: initialized successfully - sym options: 0x614 - pdb path: .;C:\Users\akr02\.p2\pool\plugins\org.eclipse.justj.openjdk.hotspot.jre.full.win32.x86_64_21.0.10.v20260205-0638\jre\bin;C:\WINDOWS\SYSTEM32;C:\WINDOWS\WinSxS\amd64_microsoft.windows.common-controls_6595b64144ccf1df_6.0.26100.9278_none_3e0d1ba8e3303201;C:\Users\akr02\.p2\pool\plugins\org.eclipse.justj.openjdk.hotspot.jre.full.win32.x86_64_21.0.10.v20260205-0638\jre\bin\server

VM Arguments:
jvm_args: -Dfile.encoding=UTF-8 -Dstdout.encoding=UTF-8 -Dstderr.encoding=UTF-8 -XX:+ShowCodeDetailsInExceptionMessages 
java_command: com.db.demoparc
java_class_path (initial): C:\J2EE\JDBCsteps\bin;C:\J2EE\JDBCsteps\lib\mysql-connector-j-8.0.33.jar
Launcher Type: SUN_STANDARD

[Global flags]
     intx CICompilerCount                          = 3                                         {product} {ergonomic}
     uint ConcGCThreads                            = 1                                         {product} {ergonomic}
     uint G1ConcRefinementThreads                  = 4                                         {product} {ergonomic}
   size_t G1HeapRegionSize                         = 1048576                                   {product} {ergonomic}
    uintx GCDrainStackTargetSize                   = 64                                        {product} {ergonomic}
   size_t InitialHeapSize                          = 58720256                                  {product} {ergonomic}
   size_t MarkStackSize                            = 4194304                                   {product} {ergonomic}
   size_t MaxHeapSize                              = 926941184                                 {product} {ergonomic}
   size_t MaxNewSize                               = 555745280                                 {product} {ergonomic}
   size_t MinHeapDeltaBytes                        = 1048576                                   {product} {ergonomic}
   size_t MinHeapSize                              = 8388608                                   {product} {ergonomic}
    uintx NonNMethodCodeHeapSize                   = 5832780                                {pd product} {ergonomic}
    uintx NonProfiledCodeHeapSize                  = 122912730                              {pd product} {ergonomic}
    uintx ProfiledCodeHeapSize                     = 122912730                              {pd product} {ergonomic}
    uintx ReservedCodeCacheSize                    = 251658240                              {pd product} {ergonomic}
     bool SegmentedCodeCache                       = true                                      {product} {ergonomic}
     bool ShowCodeDetailsInExceptionMessages       = true                                   {manageable} {command line}
   size_t SoftMaxHeapSize                          = 926941184                              {manageable} {ergonomic}
     bool UseCompressedOops                        = true                           {product lp64_product} {ergonomic}
     bool UseG1GC                                  = true                                      {product} {ergonomic}
     bool UseLargePagesIndividualAllocation        = false                                  {pd product} {ergonomic}

Logging:
Log output configuration:
 #0: stdout all=warning uptime,level,tags foldmultilines=false
 #1: stderr all=off uptime,level,tags foldmultilines=false

Release file:
JAVA_VERSION="21.0.10" 
MODULES="java.base java.compiler java.datatransfer java.xml java.prefs java.desktop java.instrument java.logging java.management java.security.sasl java.naming java.rmi java.management.rmi java.net.http java.scripting java.security.jgss java.transaction.xa java.sql java.sql.rowset java.xml.crypto java.se java.smartcardio jdk.accessibility jdk.internal.jvmstat jdk.attach jdk.charsets jdk.internal.opt jdk.zipfs jdk.compiler jdk.crypto.ec jdk.crypto.cryptoki jdk.crypto.mscapi jdk.dynalink jdk.internal.ed jdk.editpad jdk.hotspot.agent jdk.httpserver jdk.internal.le jdk.internal.vm.ci jdk.internal.vm.compiler jdk.internal.vm.compiler.management jdk.jartool jdk.javadoc jdk.jcmd jdk.management jdk.management.agent jdk.jconsole jdk.jdeps jdk.jdwp.agent jdk.jdi jdk.jfr jdk.jshell jdk.jsobject jdk.jstatd jdk.localedata jdk.management.jfr jdk.naming.dns jdk.naming.rmi jdk.net jdk.nio.mapmode jdk.random jdk.sctp jdk.security.auth jdk.security.jgss jdk.unsupported jdk.unsupported.desktop jdk.xml.dom" 

Environment Variables:
PATH=C:/Users/akr02/.p2/pool/plugins/org.eclipse.justj.openjdk.hotspot.jre.full.win32.x86_64_21.0.10.v20260205-0638/jre/bin/server;C:/Users/akr02/.p2/pool/plugins/org.eclipse.justj.openjdk.hotspot.jre.full.win32.x86_64_21.0.10.v20260205-0638/jre/bin;C:\Program Files\Common Files\Oracle\Java\javapath;C:\WINDOWS\system32;C:\WINDOWS;C:\WINDOWS\System32\Wbem;C:\WINDOWS\System32\WindowsPowerShell\v1.0\;C:\WINDOWS\System32\OpenSSH\;C:\Users\akr02\Documents\apache-maven-3.9.11\bin;C:\Program Files\MySQL\MySQL Server 9.5\bin;C:\Program Files\nodejs\;C:\Program Files\Microsoft SQL Server\170\Tools\Binn\;C:\Program Files\Microsoft SQL Server\Client SDK\ODBC\170\Tools\Binn\;C:\Program Files\dotnet\;C:\Program Files (x86)\Windows Kits\10\Windows Performance Toolkit\;C:\Program Files (x86)\Microsoft SQL Server\160\DTS\Binn\;C:\Program Files\Git\cmd;C:\Users\akr02\.local\bin;C:\Users\akr02\AppData\Local\Microsoft\WindowsApps;C:\Users\akr02\AppData\Local\Programs\Microsoft VS Code\bin;C:\Users\akr02\AppData\Roaming\npm;C:\Users\akr02\.dotnet\tools;C:\Users\akr02\AppData\Local\Python\bin;C:\Users\akr02\OneDrive\Desktop;
USERNAME=akr02
OS=Windows_NT
PROCESSOR_IDENTIFIER=AMD64 Family 23 Model 24 Stepping 1, AuthenticAMD
TMP=C:\Users\akr02\AppData\Local\Temp
TEMP=C:\Users\akr02\AppData\Local\Temp




Periodic native trim disabled

---------------  S Y S T E M  ---------------

OS:
 Windows 11 , 64 bit Build 26100 (10.0.26100.9278)
OS uptime: 2 days 1:41 hours

CPU: total 4 (initial active 4) (4 cores per cpu, 2 threads per core) family 23 model 24 stepping 1 microcode 0x8108102, cx8, cmov, fxsr, ht, mmx, 3dnowpref, sse, sse2, sse3, ssse3, sse4a, sse4.1, sse4.2, popcnt, lzcnt, tsc, tscinvbit, avx, avx2, aes, clmul, bmi1, bmi2, adx, sha, fma, vzeroupper, clflush, clflushopt, rdtscp, f16c
Processor Information for the first 4 processors :
  Max Mhz: 2600, Current Mhz: 2600, Mhz Limit: 2600

Memory: 4k page, system-wide physical 3530M (240M free)
TotalPageFile size 10352M (AvailPageFile size 18M)
current process WorkingSet (physical memory assigned to process): 39M, peak: 39M
current process commit charge ("private bytes"): 127M, peak: 127M

vm_info: OpenJDK 64-Bit Server VM (21.0.10+7-LTS) for windows-amd64 JRE (21.0.10+7-LTS), built on 2026-01-20T00:00:00Z by "admin" with MS VC++ 17.12 (VS2022)

END.
